// Jest Snapshot v1, https://goo.gl/fbAQLP

exports[`Input Should match snapshot 1`] = `"<div class=\\"styled__StAuthContainer-gfSiSj iMPmgL\\"><div class=\\"styled__StAuthView-iNEnXV jqqTSt\\"><h1 class=\\"styled__AppTitle-bMNsHC jWDbjD\\"></h1><div class=\\"styled__AuthInputContainer-iSEnWy kChWax\\"><p class=\\"styled__AuthLabel-jINklJ iykkVO\\"></p><input type=\\"text\\" value=\\"\\" class=\\"styled__StInput-ifVcmW bBpwQJ\\"/></div><div class=\\"styled__AuthInputContainer-iSEnWy kChWax\\"><p class=\\"styled__AuthLabel-jINklJ iykkVO\\"></p><input type=\\"password\\" value=\\"\\" class=\\"styled__StInput-ifVcmW bBpwQJ\\"/><img src=\\"../assets/img/view.png\\" class=\\"styled__StHidePass-kZfxvt kfuTnG\\"/></div><div class=\\"styled__AuthInputContainer-iSEnWy kChWax\\"><p class=\\"styled__AuthLabel-jINklJ iykkVO\\"></p><input type=\\"password\\" value=\\"\\" class=\\"styled__StInput-ifVcmW bBpwQJ\\"/><img src=\\"../assets/img/view.png\\" class=\\"styled__StHidePass-kZfxvt kfuTnG\\"/></div><button class=\\"styled__StButton-iwFefC fohYxd\\"></button><a href=\\"/\\"></a></div></div>"`;
