// Jest Snapshot v1, https://goo.gl/fbAQLP

exports[`Title Should match snapshot 1`] = `"<h1 class=\\"styled__AppTitle-bMNsHC jWDbjD\\"></h1>"`;
