// Jest Snapshot v1, https://goo.gl/fbAQLP

exports[`Title Should match snapshot 1`] = `"<div class=\\"styled__AuthInputContainer-iSEnWy kChWax\\"><p class=\\"styled__AuthLabel-jINklJ iykkVO\\"></p><input type=\\"text\\" value=\\"Alex\\" class=\\"styled__StInput-ifVcmW bBpwQJ\\"/></div>"`;
