// Jest Snapshot v1, https://goo.gl/fbAQLP

exports[`Search Should match snapshot 1`] = `"<div class=\\"styled__StSearchContainer-bRxinB cbrvhe\\"><input type=\\"text\\" value=\\"MockValue\\" class=\\"styled__StInput-ifVcmW bBpwQJ\\"/></div>"`;
