// Jest Snapshot v1, https://goo.gl/fbAQLP

exports[`Exit Should match snapshot 1`] = `"<button class=\\"styled__StIcon-chPeWD ghyoar\\"></button>"`;
