// Jest Snapshot v1, https://goo.gl/fbAQLP

exports[`CreateRoom Should match snapshot 1`] = `"<div class=\\"styled__StCreateRoomContainer-hJkdEc daenTo\\"><button class=\\"styled__StButton-iwFefC fohYxd\\"></button></div>"`;
