// Jest Snapshot v1, https://goo.gl/fbAQLP

exports[`FileIpt type text Should match snapshot 1`] = `"<label for=\\"upload\\" class=\\"styled__StFileIpt-fLkDRX iPkIEE\\">MockValue</label><input type=\\"file\\" id=\\"upload\\" hidden=\\"\\"/>"`;
